[debug] [2026-08-31T18:10:35.180Z] ----------------------------------------------------------------------
[debug] [2026-08-31T18:10:35.205Z] Command:       /usr/bin/node-22 /run/media/bhatti/New Volume/Projects/CFD Treats/CFD-Hostel-Treats/node_modules/.bin/firebase deploy --only hosting --project cfd-treats-hub
[debug] [2026-08-31T18:10:35.210Z] CLI Version:   15.28.2
[debug] [2026-08-31T18:10:35.212Z] Platform:      linux
[debug] [2026-08-31T18:10:35.214Z] Node Version:  v22.23.1
[debug] [2026-08-31T18:10:35.217Z] Detected Agent: antigravity
[debug] [2026-08-31T18:10:35.219Z] Time:          Mon Aug 31 2026 23:10:35 GMT+0500 (Pakistan Standard Time)
[debug] [2026-08-31T18:10:35.221Z] ----------------------------------------------------------------------
[debug] 
[debug] [2026-08-31T18:11:50.181Z] > command requires scopes: ["email","openid","https://www.googleapis.com/auth/cloudplatformprojects.readonly","https://www.googleapis.com/auth/firebase","https://www.googleapis.com/auth/cloud-platform"]
[debug] [2026-08-31T18:11:50.183Z] > authorizing via signed-in user (mudasarbhatti191@gmail.com)
[debug] [2026-08-31T18:11:50.184Z] [iam] checking project cfd-treats-hub for permissions ["firebase.projects.get","firebasehosting.sites.update"]
[debug] [2026-08-31T18:11:50.334Z] Checked if tokens are valid: false, expires at: 1788200613818
[debug] [2026-08-31T18:11:50.335Z] Checked if tokens are valid: false, expires at: 1788200613818
[debug] [2026-08-31T18:11:50.337Z] > refreshing access token with scopes: []
[debug] [2026-08-31T18:11:50.364Z] >>> [apiv2][query] POST https://www.googleapis.com/oauth2/v3/token [none]
[debug] [2026-08-31T18:11:50.365Z] >>> [apiv2][body] POST https://www.googleapis.com/oauth2/v3/token [omitted]
[debug] [2026-08-31T18:11:51.334Z] <<< [apiv2][status] POST https://www.googleapis.com/oauth2/v3/token 200
[debug] [2026-08-31T18:11:51.336Z] <<< [apiv2][body] POST https://www.googleapis.com/oauth2/v3/token [omitted]
[debug] [2026-08-31T18:11:51.356Z] >>> [apiv2][query] POST https://cloudresourcemanager.googleapis.com/v1/projects/cfd-treats-hub:testIamPermissions [none]
[debug] [2026-08-31T18:11:51.357Z] >>> [apiv2][(partial)header] POST https://cloudresourcemanager.googleapis.com/v1/projects/cfd-treats-hub:testIamPermissions  x-goog-user-project=cfd-treats-hub
[debug] [2026-08-31T18:11:51.358Z] >>> [apiv2][body] POST https://cloudresourcemanager.googleapis.com/v1/projects/cfd-treats-hub:testIamPermissions {"permissions":["firebase.projects.get","firebasehosting.sites.update"]}
[debug] [2026-08-31T18:11:58.240Z] <<< [apiv2][status] POST https://cloudresourcemanager.googleapis.com/v1/projects/cfd-treats-hub:testIamPermissions 200
[debug] [2026-08-31T18:11:58.246Z] <<< [apiv2][body] POST https://cloudresourcemanager.googleapis.com/v1/projects/cfd-treats-hub:testIamPermissions {"permissions":["firebase.projects.get","firebasehosting.sites.update"]}
[debug] [2026-08-31T18:11:58.261Z] Checked if tokens are valid: true, expires at: 1788203510337
[debug] [2026-08-31T18:11:58.262Z] Checked if tokens are valid: true, expires at: 1788203510337
[debug] [2026-08-31T18:11:58.267Z] >>> [apiv2][query] GET https://firebase.googleapis.com/v1beta1/projects/cfd-treats-hub [none]
[debug] [2026-08-31T18:11:59.334Z] <<< [apiv2][status] GET https://firebase.googleapis.com/v1beta1/projects/cfd-treats-hub 200
[debug] [2026-08-31T18:11:59.334Z] <<< [apiv2][body] GET https://firebase.googleapis.com/v1beta1/projects/cfd-treats-hub {"projectId":"cfd-treats-hub","projectNumber":"12722047283","displayName":"CFD Treats Hub","name":"projects/cfd-treats-hub","resources":{"hostingSite":"cfd-treats-hub"},"state":"ACTIVE","labels":{"firebase":"enabled","firebaseworkflows/environment":"production","firebase/storage-default-bucket":"created"},"etag":"1_4dff3908-6be7-4bdc-894b-ec0d9f7956b7"}
[debug] [2026-08-31T18:12:20.604Z] defaultcredentials: writing to file /home/bhatti/.config/firebase/mudasarbhatti191_gmail_com_application_default_credentials.json
[debug] [2026-08-31T18:12:20.633Z] Checked if tokens are valid: true, expires at: 1788203510337
[debug] [2026-08-31T18:12:20.637Z] Checked if tokens are valid: true, expires at: 1788203510337
[debug] [2026-08-31T18:12:20.653Z] >>> [apiv2][query] GET https://firebasehosting.googleapis.com/v1beta1/projects/cfd-treats-hub/sites pageToken=&pageSize=10
[debug] [2026-08-31T18:12:22.907Z] <<< [apiv2][status] GET https://firebasehosting.googleapis.com/v1beta1/projects/cfd-treats-hub/sites 200
[debug] [2026-08-31T18:12:22.908Z] <<< [apiv2][body] GET https://firebasehosting.googleapis.com/v1beta1/projects/cfd-treats-hub/sites {"sites":[{"name":"projects/cfd-treats-hub/sites/cfd-treats-hub","defaultUrl":"https://cfd-treats-hub.web.app","appId":"1:12722047283:web:615f6ac760e523f4e19646","type":"DEFAULT_SITE"},{"name":"projects/cfd-treats-hub/sites/cfd-treats-hub-46e24","defaultUrl":"https://cfd-treats-hub-46e24.web.app","type":"USER_SITE"}]}
[debug] [2026-08-31T18:12:22.911Z] Checked if tokens are valid: true, expires at: 1788203510337
[debug] [2026-08-31T18:12:22.912Z] Checked if tokens are valid: true, expires at: 1788203510337
[debug] [2026-08-31T18:12:22.913Z] >>> [apiv2][query] GET https://firebase.googleapis.com/v1beta1/projects/-/webApps/1:12722047283:web:615f6ac760e523f4e19646/config [none]
[debug] [2026-08-31T18:12:24.204Z] <<< [apiv2][status] GET https://firebase.googleapis.com/v1beta1/projects/-/webApps/1:12722047283:web:615f6ac760e523f4e19646/config 200
[debug] [2026-08-31T18:12:24.206Z] <<< [apiv2][body] GET https://firebase.googleapis.com/v1beta1/projects/-/webApps/1:12722047283:web:615f6ac760e523f4e19646/config {"projectId":"cfd-treats-hub","appId":"1:12722047283:web:615f6ac760e523f4e19646","storageBucket":"cfd-treats-hub.firebasestorage.app","apiKey":"AIzaSyAEBSH2NEFtmnCHAPPV_lDaXL8jX5JRObw","authDomain":"cfd-treats-hub.firebaseapp.com","messagingSenderId":"12722047283","measurementId":"G-6FRJ2MT0MV","projectNumber":"12722047283","version":"2"}
[info] 
   Thank you for trying our early preview of Next.js support on Firebase Hosting.
   During the preview, support is best-effort and breaking changes can be expected. Proceed with caution.
   The integration is known to work with Next.js version 12 - 16.0. You may encounter errors.

   Documentation: https://firebase.google.com/docs/hosting/frameworks/nextjs
   File a bug: https://github.com/firebase/firebase-tools/issues/new?template=bug_report.md
   Submit a feature request: https://github.com/firebase/firebase-tools/issues/new?template=feature_request.md

   We'd love to learn from you. Express your interest in helping us shape the future of Firebase Hosting: https://goo.gle/41enW5X

[debug] [2026-08-31T18:13:11.441Z] Checked if tokens are valid: true, expires at: 1788203510337
[debug] [2026-08-31T18:13:11.442Z] Checked if tokens are valid: true, expires at: 1788203510337
[debug] [2026-08-31T18:13:11.446Z] >>> [apiv2][query] GET https://firebasehosting.googleapis.com/v1beta1/projects/cfd-treats-hub/sites/cfd-treats-hub [none]
[debug] [2026-08-31T18:13:13.337Z] <<< [apiv2][status] GET https://firebasehosting.googleapis.com/v1beta1/projects/cfd-treats-hub/sites/cfd-treats-hub 200
[debug] [2026-08-31T18:13:13.339Z] <<< [apiv2][body] GET https://firebasehosting.googleapis.com/v1beta1/projects/cfd-treats-hub/sites/cfd-treats-hub {"name":"projects/cfd-treats-hub/sites/cfd-treats-hub","defaultUrl":"https://cfd-treats-hub.web.app","appId":"1:12722047283:web:615f6ac760e523f4e19646","type":"DEFAULT_SITE"}
[info] ▲ Next.js 16.3.3 (Turbopack)

[info] - Environments: .env.local

[info] ✓ Running next.config.ts took 2.0s

[info] 

[info]   Creating an optimized production build ...

